// Jest Snapshot v1, https://goo.gl/fbAQLP

exports[`Renders the component 1`] = `
<h1>
  Test
</h1>
`;
